// Jest Snapshot v1, https://goo.gl/fbAQLP

exports[`render component proprely 1`] = `
Object {
  "asFragment": [Function],
  "baseElement": <body>
    <div>
      <div
        class="images-list"
      >
        <div
          class="card"
        >
          <img
            class="card__image"
            height="100%"
            src="0"
            width="100%"
          />
        </div>
        <div
          class="card"
        >
          <img
            class="card__image"
            height="100%"
            src="1"
            width="100%"
          />
        </div>
        <div
          class="card"
        >
          <img
            class="card__image"
            height="100%"
            src="2"
            width="100%"
          />
        </div>
        <div
          class="card"
        >
          <img
            class="card__image"
            height="100%"
            src="3"
            width="100%"
          />
        </div>
        <div
          class="card"
        >
          <img
            class="card__image"
            height="100%"
            src="4"
            width="100%"
          />
        </div>
        <div
          class="card"
        >
          <img
            class="card__image"
            height="100%"
            src="5"
            width="100%"
          />
        </div>
        <div
          class="card"
        >
          <img
            class="card__image"
            height="100%"
            src="6"
            width="100%"
          />
        </div>
        <div
          class="card"
        >
          <img
            class="card__image"
            height="100%"
            src="7"
            width="100%"
          />
        </div>
        <div
          class="card"
        >
          <img
            class="card__image"
            height="100%"
            src="8"
            width="100%"
          />
        </div>
        <div
          class="card"
        >
          <img
            class="card__image"
            height="100%"
            src="9"
            width="100%"
          />
        </div>
      </div>
      <div
        class="images-button"
      >
        <button
          data-testid="loadMore"
          type="button"
        >
          Load more
        </button>
      </div>
    </div>
  </body>,
  "container": <div>
    <div
      class="images-list"
    >
      <div
        class="card"
      >
        <img
          class="card__image"
          height="100%"
          src="0"
          width="100%"
        />
      </div>
      <div
        class="card"
      >
        <img
          class="card__image"
          height="100%"
          src="1"
          width="100%"
        />
      </div>
      <div
        class="card"
      >
        <img
          class="card__image"
          height="100%"
          src="2"
          width="100%"
        />
      </div>
      <div
        class="card"
      >
        <img
          class="card__image"
          height="100%"
          src="3"
          width="100%"
        />
      </div>
      <div
        class="card"
      >
        <img
          class="card__image"
          height="100%"
          src="4"
          width="100%"
        />
      </div>
      <div
        class="card"
      >
        <img
          class="card__image"
          height="100%"
          src="5"
          width="100%"
        />
      </div>
      <div
        class="card"
      >
        <img
          class="card__image"
          height="100%"
          src="6"
          width="100%"
        />
      </div>
      <div
        class="card"
      >
        <img
          class="card__image"
          height="100%"
          src="7"
          width="100%"
        />
      </div>
      <div
        class="card"
      >
        <img
          class="card__image"
          height="100%"
          src="8"
          width="100%"
        />
      </div>
      <div
        class="card"
      >
        <img
          class="card__image"
          height="100%"
          src="9"
          width="100%"
        />
      </div>
    </div>
    <div
      class="images-button"
    >
      <button
        data-testid="loadMore"
        type="button"
      >
        Load more
      </button>
    </div>
  </div>,
  "debug": [Function],
  "findAllByAltText": [Function],
  "findAllByDisplayValue": [Function],
  "findAllByLabelText": [Function],
  "findAllByPlaceholderText": [Function],
  "findAllByRole": [Function],
  "findAllByTestId": [Function],
  "findAllByText": [Function],
  "findAllByTitle": [Function],
  "findByAltText": [Function],
  "findByDisplayValue": [Function],
  "findByLabelText": [Function],
  "findByPlaceholderText": [Function],
  "findByRole": [Function],
  "findByTestId": [Function],
  "findByText": [Function],
  "findByTitle": [Function],
  "getAllByAltText": [Function],
  "getAllByDisplayValue": [Function],
  "getAllByLabelText": [Function],
  "getAllByPlaceholderText": [Function],
  "getAllByRole": [Function],
  "getAllByTestId": [Function],
  "getAllByText": [Function],
  "getAllByTitle": [Function],
  "getByAltText": [Function],
  "getByDisplayValue": [Function],
  "getByLabelText": [Function],
  "getByPlaceholderText": [Function],
  "getByRole": [Function],
  "getByTestId": [Function],
  "getByText": [Function],
  "getByTitle": [Function],
  "queryAllByAltText": [Function],
  "queryAllByDisplayValue": [Function],
  "queryAllByLabelText": [Function],
  "queryAllByPlaceholderText": [Function],
  "queryAllByRole": [Function],
  "queryAllByTestId": [Function],
  "queryAllByText": [Function],
  "queryAllByTitle": [Function],
  "queryByAltText": [Function],
  "queryByDisplayValue": [Function],
  "queryByLabelText": [Function],
  "queryByPlaceholderText": [Function],
  "queryByRole": [Function],
  "queryByTestId": [Function],
  "queryByText": [Function],
  "queryByTitle": [Function],
  "rerender": [Function],
  "unmount": [Function],
}
`;
